// Jest Snapshot v1, https://goo.gl/fbAQLP

exports[`matches snapshot 1`] = `
<DocumentFragment>
  <div
    class="container my-5"
  >
    <div
      class="row"
    >
      <div
        class="col-lg-2"
      />
      <div
        class="col-lg-10"
      >
        <h1>
          User Profile Form
        </h1>
        <div
          class="my-3"
        >
          <form>
            <div
              class="col-lg-12 my-2"
            >
              <label>
                Username
              </label>
              <p>
                demouser
              </p>
            </div>
            <div
              class="col-lg-12 my-2"
            >
              <label>
                First name
              </label>
              <input
                class="form-control"
                name="firstName"
                value=""
              />
            </div>
            <div
              class="col-lg-12 my-2"
            >
              <label>
                Last name
              </label>
              <input
                class="form-control"
                name="lastName"
                value=""
              />
            </div>
            <div
              class="col-lg-12 my-2"
            >
              <label>
                Skill
              </label>
              <input
                class="form-control"
                name="skill"
                value="Developer"
              />
            </div>
            <div
              class="col-lg-12 my-2"
            >
              <label>
                Email
              </label>
              <input
                class="form-control"
                name="email"
                value="demouser@demouser.com"
              />
            </div>
            <div
              class="col-lg-12 my-2"
            >
              <label>
                Confirm password to make changes
              </label>
              <input
                class="form-control"
                name="password"
                type="password"
                value=""
              />
            </div>
            <button
              class="btn btn-lg btn-primary my-3"
            >
              Save
            </button>
          </form>
        </div>
      </div>
      <div
        class="col-lg-2"
      />
    </div>
  </div>
</DocumentFragment>
`;
