// Jest Snapshot v1, https://goo.gl/fbAQLP

exports[`matches snapshot 1`] = `
<DocumentFragment>
  <div
    class="container my-5"
  >
    <div
      class="row"
    >
      <div
        class="col-lg-2"
      />
      <div
        class="col-lg-10"
      >
        <h1>
          User Login Form
        </h1>
        <div
          class="my-3"
        >
          <form>
            <div
              class="col-lg-9 my-2"
            >
              <input
                class="form-control"
                name="username"
                placeholder="Username"
                required=""
                value=""
              />
            </div>
            <div
              class="col-lg-9 my-2"
            >
              <input
                class="form-control"
                name="password"
                placeholder="Password"
                required=""
                type="password"
                value=""
              />
            </div>
            <button
              class="btn btn-lg btn-primary my-3"
            >
              Submit
            </button>
          </form>
        </div>
      </div>
      <div
        class="col-lg-2"
      />
    </div>
  </div>
</DocumentFragment>
`;
